{
    "records": [
        {
            "vlr_latitude": "-23.1602525711053",
            "vlr_longitude": "-45.9094190597521",
            "cod_munic": "354990",
            "cod_cnes": "9083",
            "nom_estab": "UBS JARDIM TELESPARK",
            "dsc_endereco": "RUA BENEDITO PEREIRA LIMA",
            "dsc_bairro": "JARDIM TELESPARK",
            "dsc_cidade": "São José dos Campos",
            "dsc_telefone": "1239214213",
            "dsc_estrut_fisic_ambiencia": "Desempenho muito acima da média",
            "dsc_adap_defic_fisic_idosos": "Desempenho muito acima da média",
            "dsc_equipamentos": "Desempenho mediano ou  um pouco abaixo da média",
            "dsc_medicamentos": "Desempenho acima da média",
            "co_cep": "12212700"
        },
        {
            "vlr_latitude": "-23.169382810592",
            "vlr_longitude": "-45.8424711227404",
            "cod_munic": "354990",
            "cod_cnes": "9059",
            "nom_estab": "UBS VILA TESOURO",
            "dsc_endereco": "PRACA ASSIS CHATEAUBRIAND",
            "dsc_bairro": "VILA TESOURO",
            "dsc_cidade": "São José dos Campos",
            "dsc_telefone": "1239297821",
            "dsc_estrut_fisic_ambiencia": "Desempenho muito acima da média",
            "dsc_adap_defic_fisic_idosos": "Desempenho muito acima da média",
            "dsc_equipamentos": "Desempenho mediano ou  um pouco abaixo da média",
            "dsc_medicamentos": "Desempenho acima da média",
            "co_cep": "12221450"
        },
        {
            "vlr_latitude": "-23.3634138107293",
            "vlr_longitude": "-46.0162997245775",
            "cod_munic": "352440",
            "cod_cnes": "2086506",
            "nom_estab": "UBS SAO SILVESTRE",
            "dsc_endereco": "R PAULO IAZZETE",
            "dsc_bairro": "SAO SILVESTRE",
            "dsc_cidade": "Jacareí",
            "dsc_telefone": "1239571550",
            "dsc_estrut_fisic_ambiencia": "Desempenho muito acima da média",
            "dsc_adap_defic_fisic_idosos": "Desempenho muito acima da média",
            "dsc_equipamentos": "Desempenho acima da média",
            "dsc_medicamentos": "Desempenho acima da média",
            "co_cep": "12341200"
        },
        {
            "vlr_latitude": "-23.3122479915612",
            "vlr_longitude": "-45.9946274757372",
            "cod_munic": "352440",
            "cod_cnes": "2084988",
            "nom_estab": "UBS PAULISTANO",
            "dsc_endereco": "R RENE NAMURA ADIB",
            "dsc_bairro": "SANTA CRUZ DOS LAZAR",
            "dsc_cidade": "Jacareí",
            "dsc_telefone": "1239565311",
            "dsc_estrut_fisic_ambiencia": "Desempenho muito acima da média",
            "dsc_adap_defic_fisic_idosos": "Desempenho muito acima da média",
            "dsc_equipamentos": "Desempenho mediano ou  um pouco abaixo da média",
            "dsc_medicamentos": "Desempenho acima da média",
            "co_cep": "12322300"
        },
        {
            "vlr_latitude": "-23.547424077987",
            "vlr_longitude": "-46.395864486693",
            "cod_munic": "355030",
            "cod_cnes": "2787385",
            "nom_estab": "UBS J FANGANIELLO",
            "dsc_endereco": "RUA FRANCISCO NUNES CUBAS",
            "dsc_bairro": "LAJEADO",
            "dsc_cidade": "São Paulo",
            "dsc_telefone": "1125576698",
            "dsc_estrut_fisic_ambiencia": "Desempenho muito acima da média",
            "dsc_adap_defic_fisic_idosos": "Desempenho muito acima da média",
            "dsc_equipamentos": "Desempenho muito acima da média",
            "dsc_medicamentos": "Desempenho muito acima da média",
            "co_cep": "08450460"
        },
        {
            "vlr_latitude": "-23.5156667232507",
            "vlr_longitude": "-46.3977527618395",
            "cod_munic": "355030",
            "cod_cnes": "2787989",
            "nom_estab": "UBS J INDAIA",
            "dsc_endereco": "RUA ANTONIO LEME DA GUERRA",
            "dsc_bairro": "ITAIM PAULISTA",
            "dsc_cidade": "São Paulo",
            "dsc_telefone": "1129633711",
            "dsc_estrut_fisic_ambiencia": "Desempenho muito acima da média",
            "dsc_adap_defic_fisic_idosos": "Desempenho muito acima da média",
            "dsc_equipamentos": "Desempenho muito acima da média",
            "dsc_medicamentos": "Desempenho muito acima da média",
            "co_cep": "08141130"
        },
        {
            "vlr_latitude": "-23.5523164272301",
            "vlr_longitude": "-46.3467907905565",
            "cod_munic": "353980",
            "cod_cnes": "2773805",
            "nom_estab": "UNIDADE BASICA DE SAUDE DO JARDIM NOVA POA",
            "dsc_endereco": "RUA ANTONIO BICUDO",
            "dsc_bairro": "JAD NOVA POA",
            "dsc_cidade": "Poá",
            "dsc_telefone": "1146367384",
            "dsc_estrut_fisic_ambiencia": "Desempenho muito acima da média",
            "dsc_adap_defic_fisic_idosos": "Desempenho muito acima da média",
            "dsc_equipamentos": "Desempenho mediano ou  um pouco abaixo da média",
            "dsc_medicamentos": "Desempenho acima da média",
            "co_cep": "00000000"
        },
        {
            "vlr_latitude": "-23.5082101821893",
            "vlr_longitude": "-46.3958001136766",
            "cod_munic": "355030",
            "cod_cnes": "6269567",
            "nom_estab": "UBS ATUALPA GIRAO RABELO",
            "dsc_endereco": "RUA ILHA DO ARVOREDO",
            "dsc_bairro": "VL MORGADOURO",
            "dsc_cidade": "São Paulo",
            "dsc_telefone": "1129631436",
            "dsc_estrut_fisic_ambiencia": "Desempenho muito acima da média",
            "dsc_adap_defic_fisic_idosos": "Desempenho muito acima da média",
            "dsc_equipamentos": "Desempenho acima da média",
            "dsc_medicamentos": "Desempenho muito acima da média",
            "co_cep": "08140270"
        },
        {
            "vlr_latitude": "-23.4871172904961",
            "vlr_longitude": "-46.3677978515612",
            "cod_munic": "352310",
            "cod_cnes": "5996783",
            "nom_estab": "UBS JARDIM DO CARMO",
            "dsc_endereco": "RUA JAU",
            "dsc_bairro": "JARDIM DO CARMO",
            "dsc_cidade": "Itaquaquecetuba",
            "dsc_telefone": "1146476872",
            "dsc_estrut_fisic_ambiencia": "Desempenho muito acima da média",
            "dsc_adap_defic_fisic_idosos": "Desempenho muito acima da média",
            "dsc_equipamentos": "Desempenho mediano ou  um pouco abaixo da média",
            "dsc_medicamentos": "Desempenho acima da média",
            "co_cep": "08577730"
        },
        {
            "vlr_latitude": "-23.5013759136193",
            "vlr_longitude": "-46.3199257850634",
            "cod_munic": "355250",
            "cod_cnes": "5733286",
            "nom_estab": "USF DOUTOR EDUARDO NAKAMURA",
            "dsc_endereco": "RUA MARIO BOCHETTI",
            "dsc_bairro": "MIGUEL BADRA BAIXO",
            "dsc_cidade": "Suzano",
            "dsc_telefone": "1147421421",
            "dsc_estrut_fisic_ambiencia": "Desempenho muito acima da média",
            "dsc_adap_defic_fisic_idosos": "Desempenho muito acima da média",
            "dsc_equipamentos": "Desempenho acima da média",
            "dsc_medicamentos": "Desempenho muito acima da média",
            "co_cep": "08690237"
        },
        {
            "vlr_latitude": "-23.543",
            "vlr_longitude": "-46.311",
            "cod_munic": "355250",
            "cod_cnes": "2773376",
            "nom_estab": "UBS BOA VISTA",
            "dsc_endereco": "AV JAGUARI",
            "dsc_bairro": "BOA VISTA",
            "dsc_cidade": "Suzano",
            "dsc_telefone": "1147492753",
            "dsc_estrut_fisic_ambiencia": "Desempenho muito acima da média",
            "dsc_adap_defic_fisic_idosos": "Desempenho muito acima da média",
            "dsc_equipamentos": "Desempenho mediano ou  um pouco abaixo da média",
            "dsc_medicamentos": "Desempenho muito acima da média",
            "co_cep": "08693010"
        },
        {
            "vlr_latitude": "-23.5525202751153",
            "vlr_longitude": "-46.2952709197985",
            "cod_munic": "355250",
            "cod_cnes": "2773538",
            "nom_estab": "UBS JARDIM COLORADO",
            "dsc_endereco": "RUA ASSEMBLEIA DE DEUS",
            "dsc_bairro": "JARDIM COLORADO",
            "dsc_cidade": "Suzano",
            "dsc_telefone": "1145461285",
            "dsc_estrut_fisic_ambiencia": "Desempenho muito acima da média",
            "dsc_adap_defic_fisic_idosos": "Desempenho muito acima da média",
            "dsc_equipamentos": "Desempenho mediano ou  um pouco abaixo da média",
            "dsc_medicamentos": "Desempenho muito acima da média",
            "co_cep": "08615195"
        },
        {
            "vlr_latitude": "-23.5310733318322",
            "vlr_longitude": "-46.3118791580187",
            "cod_munic": "355250",
            "cod_cnes": "2773627",
            "nom_estab": "UBS DOUTOR ISAAC OGUIME",
            "dsc_endereco": "AV DR ADHEMAR PEREIRA DE BARROS",
            "dsc_bairro": "PQ MARIA HELENA",
            "dsc_cidade": "Suzano",
            "dsc_telefone": "1147748808",
            "dsc_estrut_fisic_ambiencia": "Desempenho muito acima da média",
            "dsc_adap_defic_fisic_idosos": "Desempenho muito acima da média",
            "dsc_equipamentos": "Desempenho mediano ou  um pouco abaixo da média",
            "dsc_medicamentos": "Desempenho muito acima da média",
            "co_cep": "08683300"
        },
        {
            "vlr_latitude": "-23.5442268848412",
            "vlr_longitude": "-46.2370777130114",
            "cod_munic": "353060",
            "cod_cnes": "2773732",
            "nom_estab": "UBS VILA JUNDIAI",
            "dsc_endereco": "RUA JOSE GALDINO DE CASTRO",
            "dsc_bairro": "JUNDIAI",
            "dsc_cidade": "Mogi das Cruzes",
            "dsc_telefone": "47273581",
            "dsc_estrut_fisic_ambiencia": "Desempenho muito acima da média",
            "dsc_adap_defic_fisic_idosos": "Desempenho muito acima da média",
            "dsc_equipamentos": "Desempenho mediano ou  um pouco abaixo da média",
            "dsc_medicamentos": "Desempenho acima da média",
            "co_cep": "08745000"
        },
        {
            "vlr_latitude": "-23.4211349487298",
            "vlr_longitude": "-46.3515329360948",
            "cod_munic": "352310",
            "cod_cnes": "3905268",
            "nom_estab": "UNIDADE DE SAUDE DA FAMILIA JARDIM AMERICA ITAQUAQUECETUBA",
            "dsc_endereco": "AV PEDRO DA CUNHA A LOPES",
            "dsc_bairro": "JARDIM AMERICA",
            "dsc_cidade": "Itaquaquecetuba",
            "dsc_telefone": "1146487296",
            "dsc_estrut_fisic_ambiencia": "Desempenho muito acima da média",
            "dsc_adap_defic_fisic_idosos": "Desempenho muito acima da média",
            "dsc_equipamentos": "Desempenho muito acima da média",
            "dsc_medicamentos": "Desempenho acima da média",
            "co_cep": "08584584"
        },
        {
            "vlr_latitude": "-23.4050095081323",
            "vlr_longitude": "-46.3448596000658",
            "cod_munic": "350390",
            "cod_cnes": "3044114",
            "nom_estab": "UBS NOVA ARUJA",
            "dsc_endereco": "AV SAO LUCAS",
            "dsc_bairro": "CIDADE NOVA ARUJA",
            "dsc_cidade": "Arujá",
            "dsc_telefone": "1146532068",
            "dsc_estrut_fisic_ambiencia": "Desempenho muito acima da média",
            "dsc_adap_defic_fisic_idosos": "Desempenho muito acima da média",
            "dsc_equipamentos": "Desempenho mediano ou  um pouco abaixo da média",
            "dsc_medicamentos": "Desempenho muito acima da média",
            "co_cep": "07411430"
        },
        {
            "vlr_latitude": "-23.5466623306268",
            "vlr_longitude": "-46.1950635910021",
            "cod_munic": "353060",
            "cod_cnes": "6725090",
            "nom_estab": "UBS JARDIM IVETE",
            "dsc_endereco": "AVENIDA PEDRO MACHADO",
            "dsc_bairro": "MOGI MODERNO",
            "dsc_cidade": "Mogi das Cruzes",
            "dsc_telefone": "1147624535",
            "dsc_estrut_fisic_ambiencia": "Desempenho muito acima da média",
            "dsc_adap_defic_fisic_idosos": "Desempenho muito acima da média",
            "dsc_equipamentos": "Desempenho mediano ou  um pouco abaixo da média",
            "dsc_medicamentos": "Desempenho acima da média",
            "co_cep": "08717720"
        },
        {
            "vlr_latitude": "-23.521857261657",
            "vlr_longitude": "-46.1867380142198",
            "cod_munic": "353060",
            "cod_cnes": "6028748",
            "nom_estab": "MAE MOGIANA",
            "dsc_endereco": "RUA BARAO DE JACEGUAI",
            "dsc_bairro": "CENTRO",
            "dsc_cidade": "Mogi das Cruzes",
            "dsc_telefone": "(11)4790-6788",
            "dsc_estrut_fisic_ambiencia": "Desempenho muito acima da média",
            "dsc_adap_defic_fisic_idosos": "Desempenho muito acima da média",
            "dsc_equipamentos": "Desempenho mediano ou  um pouco abaixo da média",
            "dsc_medicamentos": "Desempenho mediano ou  um pouco abaixo da média",
            "co_cep": "00000000"
        },
        {
            "vlr_latitude": "-23.5207414627068",
            "vlr_longitude": "-46.1460113525377",
            "cod_munic": "353060",
            "cod_cnes": "5856620",
            "nom_estab": "UBS VILA NOVA APARECIDA",
            "dsc_endereco": "RUA ALOISIO DE AZEVEDO",
            "dsc_bairro": "JARDIM DAS BANDEIRAS",
            "dsc_cidade": "Mogi das Cruzes",
            "dsc_telefone": "1147393170",
            "dsc_estrut_fisic_ambiencia": "Desempenho muito acima da média",
            "dsc_adap_defic_fisic_idosos": "Desempenho muito acima da média",
            "dsc_equipamentos": "Desempenho mediano ou  um pouco abaixo da média",
            "dsc_medicamentos": "Desempenho acima da média",
            "co_cep": "08830420"
        },
        {
            "vlr_latitude": "-23.05484175682",
            "vlr_longitude": "-46.3571548461901",
            "cod_munic": "353860",
            "cod_cnes": "2040514",
            "nom_estab": "CS II JOSE F ROSAS",
            "dsc_endereco": "RUA JAN ANTONIN BATA",
            "dsc_bairro": "CENTRO",
            "dsc_cidade": "Piracaia",
            "dsc_telefone": "1140362720",
            "dsc_estrut_fisic_ambiencia": "Desempenho muito acima da média",
            "dsc_adap_defic_fisic_idosos": "Desempenho muito acima da média",
            "dsc_equipamentos": "Desempenho mediano ou  um pouco abaixo da média",
            "dsc_medicamentos": "Desempenho muito acima da média",
            "co_cep": "12970000"
        }
    ]
}